Frontend-Node:  =======================================================================
                FPBA has been activated in order to calculate connectivity information.
                =======================================================================

==========================================================
[Boundaries] - MCalc
electric, electric, electric, electric, electric, electric
==========================================================

========================================
[Mesh] Matrix calculation - NO ACIS mode
========================================

=============================
[Mesh] Expansion: 0 0 0 0 0 0
=============================

=================================================================================
 - hardware info
   + cpu name                    : Intel(R) Core(TM) i7-10700K CPU @ 3.80GHz
   + sockets                     : 1
   + cores per socket            : 8
   + hyperthreading              : on
   + ht-units                    : 2
   + max cpuid level             : 22
   + max cpuid ext. level        : 8
   + numa nodes                  : 1
   + Numa Memory Info
     numa node     installed     available    (MByte)
       0                 0         37784
   + internal cpu info           : CPUID: selected engine is 'Leaf 0xB detection'
apic ids           : 0, 1, 2, 3, 4, 5, 6, 7, 8, 9, 10, 11, 12, 13, 14, 15
apic ids (fallback): 0, 1, 2, 3, 4, 5, 6, 7, 8, 9, 10, 11, 12, 13, 14, 15
from cpu registers: 0, 1, 2, 3, 4, 5, 6, 7, 8, 9, 10, 11, 12, 13, 14, 15
fallback: 0, 1, 2, 3, 4, 5, 6, 7, 8, 9, 10, 11, 12, 13, 14, 15
combined: 0, 1, 2, 3, 4, 5, 6, 7, 8, 9, 10, 11, 12, 13, 14, 15
max id per cpu: 16
SMT mask: 1
Core mask: e
Package mask: fffffff0
set results:
  - packages: 1
  - cores: 8
  - smts: 2
generate core map, new implementation
0, 1, 2, 3, 4, 5, 6, 7, 8, 9, 10, 11, 12, 13, 14, 15
packages: 1
cores   : 8
ht units: 2
 - pinning rule in use   : PINNING_RULE_MCALC_SKIP_ALL
 - desired group         : 0
 - num cores available   : 16
 - active core list from affinity: 
   + num accessible procs          : 16
   + num logical procs             : 16
   + current affinity (env)        : 0,1,2,3,4,5,6,7,8,9,10,11,12,13,14,15
   + sockets ids in                : 0
   + core list                  (1): 0,2,4,6,8,10,12,14
 - active cores          : 0,2,4,6,8,10,12,14
 - hyperthreading        : on
 - allowed core ids      : 0,2,4,6,8,10,12,14
 - allowed core ids (aff): 10101010 10101010 
 - used mask (string)    : 10101010 10101010 
=================================================================================

===================================================================================================
Version: 2025.4 Release from 2025-04-11 (change 1409410) [Release]
Workflow: PBA matrix coefficients
Operation: [acis, fpba, meshfill, bg, port-path, port-domain, tst, tst-nextgen, coeff, surface-imp]
Architecture: Windows, ID: AMD64
System Windows-64bit
Using processor group 0/1
Matrix calculation information:
# of Nodes: 0
Concurrency: 0
Start ID: 0
Node ID: 0
HEX Mesh information:
Hex mesh: global: [hxr o(0 | 0 | 0) s(35 | 3 | 20) np (no TSTs): 2100] 
===================================================================================================

>>>>>>>>>>>>>>>>>>>>>>>>>>>>>>>>>>>>>>>>
Mon Mon May  4 22:27:54 2026
started: calculating matrix coefficients
>>>>>>>>>>>>>>>>>>>>>>>>>>>>>>>>>>>>>>>>

============================================================
Matrix computation (PBA)
	[Perfect Boundary Approximation (PBA), version: default]
	[GPU acceleration: off (by user)]
Version: 2025.4 Release from 2025-04-11 (change 1409410)
PBA version: default, 2.20240218
Model compatibility: 2025.20250411
Sub-Workflow: FARM-1x1-TST2
Workflow updated: -
Mon Mon May  4 22:27:54 2026
============================================================

----------------------------------------------
Used point accuracy enhancement value: 75.00%.
----------------------------------------------

========================================================================
The maximum supported number of mesh cells without MPI is: 2,147,483,647
========================================================================

------------------------------------------------------------------------------------------------
Geometry processing log
	PEC background is represented by CAD geometry: false
	Background shape: added
	Multithread portion: 100.00
	Number of CAD shapes: 2
	Number of lumps: 1
------------------------------------------------------------------------------------------------
=========================================
== CST Matrix Calculation Priority Log ==
=========================================
Priorities are sorted in ascending order beginning with the lowest priority
 
Group | Shape-ID | ShapeName | Material | User-priority | 2D/3D-Geometry | Material-attributes | Shape-attributes | Feature-ID | Schemetype
1 | 4 | </cst/Boundaries/> Low^X | Copper (annealed) | n/a | no | pec.rho.surface-impedance. | boundary. | n/a | FIT_TD
1 | 5 | </cst/Boundaries/> Low^Y | Copper (annealed) | n/a | no | pec.rho.surface-impedance. | boundary. | n/a | FIT_TD
1 | 6 | </cst/Boundaries/> Low^Z | Copper (annealed) | n/a | no | pec.rho.surface-impedance. | boundary. | n/a | FIT_TD
1 | 7 | </cst/Boundaries/> Up^X | Copper (annealed) | n/a | no | pec.rho.surface-impedance. | boundary. | n/a | FIT_TD
1 | 8 | </cst/Boundaries/> Up^Y | Copper (annealed) | n/a | no | pec.rho.surface-impedance. | boundary. | n/a | FIT_TD
1 | 9 | </cst/Boundaries/> Up^Z | Copper (annealed) | n/a | no | pec.rho.surface-impedance. | boundary. | n/a | FIT_TD
2 | 1 | component1:dielectric__1_0 | FR-4 (lossy) | n/a | yes | dispersive-mue.normal. | solid. | n/a | FIT_TD
3 | 2 | component1:return_plane__1_0 | Copper (annealed) | n/a | yes | pec.rho.surface-impedance. | solid. | n/a | FIT_TD
3 | 3 | component1:return_plane__1_0 (Lump 2) | Copper (annealed) | n/a | yes | pec.rho.surface-impedance. | solid. | n/a | FIT_TD
=========================================
************************************************************************************************
General settings
	PBA version: default, 2.20240218, potentials: not required
	Model compatibility: 2025.20250411
	Software version: 2025.4 Release from 2025-04-11 (change 1409410)
	TST specials: -
------------------------------------------------------------------------------------------------
Geometry processor: default
	Geo accuracy: 75.000000
	Watertightness check: true
	Self intersection check: false
	Inheritance (all): false
	Normal dominance (all): false
	Normal dominance (ports): false
	Flanges hollow: true
	One shape per flange: false
	Multi threading: true
		max # of threads used: 16
		requested max # of threads: 16
		representation: indexed
		method: multi thread
		retry: no
------------------------------------------------------------------------------------------------
CAD processing settings are set to default
------------------------------------------------------------------------------------------------
Connectivity settings
	Workflow selection: 0
	Workflow version: 20180101
	Gap detection: true
	Gap detection version: 2
	TST version: default, 2.20240218, potentials: not required
	QQ workflow: true
	CoCo workflow: true
	Legacy topology: false
	Connectivity check: false
------------------------------------------------------------------------------------------------
------------------------------------------------------------------------------------------------
CAD Processing Version Info
	ACIS version installed:	34.0.1
	ACIS version used:	34.0.1
------------------------------------------------------------------------------------------------
Success method:	multi-thread-22
************************************************************************************************

-------------------------------------------------
Geometry representation: extended-edge
Shared memory: none
FARM allocation scheme: PA
Parallelization: off
Gap-Detection activated for FARM-topology. Gaps are resolved, even partially.: gap tolerance value is 0.001000 and mesh geometry scale is 0.001000

----------------------
Acceleration mode: CPU
----------------------

Port homogenization method: M2H point index deviation
ccccccccccccccccccccccccccccccccccccccccccccccccccccccccccccccccccccc
FARM/Meshfill cache is set to 8 (local FI domains: 1, dynamic: false)
ccccccccccccccccccccccccccccccccccccccccccccccccccccccccccccccccccccc

=============================================================
Hex cell analyzer settings:
	max number of E fields per mesh edge: 2
	max number of H fields per mesh face: 4
	supporting dual grid: false
	performance improvement: ROI limit: true
	performance improvement: ROI threshold: 2
	performance improvement: single topology extraction: true
	performance improvement: pre-categorize cell volume: true
	periodic align: 0
	periodic cells: true
	homogenization version: pid
=============================================================

===============
TST specials: -
===============

============================================================================================================================================
TST cell analysis in range (0 | 0 | 0) -> (35 | 3 | 20) [total range (0 | 0 | 0) -> (35 | 3 | 20)]  [mpi range (0 | 0 | 0) -> (35 | 3 | 20)]
============================================================================================================================================

-------------------
TST Statistics:
E Split (0 | 0 | 0)
E Adapt (0 | 0 | 0)
B Split (0 | 0 | 0)
B Adapt (0 | 0 | 0)
-------------------

-------------------------------------------------------------
TST Version 2.20240218, tst tiny faces fix: on, TST1 BWC: off
-------------------------------------------------------------

------------------------------------------------------------------------------
+++++++++++++++++++++++++++++++++++++++++++++++++++++
settings for port mode calculation
+++++++++++++++++++++++++++++++++++++++++++++++++++++
PBA fill limit is applied in inverse mode.
PBA fill limit is applied on faces filled with at least 99.00% metal material.
--------------------------------------------------------------
detailed accuracy settings:
--------------------------------------------------------------
augmented fill limit:       true
augmented fill limit value: 99.00
automatic fill limit:       true
early fill limit:           true
inverse fill limit:         true
model complexity:           0.00
legacy 2015:                false
fixed point accuracy:       false
minimum point accuracy:     0
mesh step inheritance:      false
accuracy mode:              
------------------------------------------------------------------------------

--------------------------------------
Glued 0 metal grid points in port area
--------------------------------------

-------------------------------------------------------------------------------
TST aware field source monitor processing forced by environment variable: false
No TST aware field source monitors to be processed
-------------------------------------------------------------------------------

=================================
Finished matrix computation (PBA)
=================================

<<<<<<<<<<<<<<<<<<<<<<<<<<<<<<<<<<<<<<<<<<<<<<<<<<<<<
Mon Mon May  4 22:27:55 2026
Resource usage for calculating matrix coefficients:
	Runtime                          00:00:01.00269 s
	Peak Memory Usage:                        51 MB
<<<<<<<<<<<<<<<<<<<<<<<<<<<<<<<<<<<<<<<<<<<<<<<<<<<<<

--------------------------------
# of staircase filled cells: 0
# of staircase filled areas: 0
# of staircase filled edges: 0
# of faces above fill limit: 0
# of edges with FPBA topology: 0
--------------------------------

Frontend-Node:  =======================================================================
                FPBA has been activated in order to calculate connectivity information.
                =======================================================================

==========================================================
[Boundaries] - MCalc
electric, electric, electric, electric, electric, electric
==========================================================

========================================
[Mesh] Matrix calculation - NO ACIS mode
========================================

=============================
[Mesh] Expansion: 0 0 0 0 0 0
=============================

=================================================================================
 - hardware info
   + cpu name                    : Intel(R) Core(TM) i7-10700K CPU @ 3.80GHz
   + sockets                     : 1
   + cores per socket            : 8
   + hyperthreading              : on
   + ht-units                    : 2
   + max cpuid level             : 22
   + max cpuid ext. level        : 8
   + numa nodes                  : 1
   + Numa Memory Info
     numa node     installed     available    (MByte)
       0                 0         37762
   + internal cpu info           : CPUID: selected engine is 'Leaf 0xB detection'
apic ids           : 0, 1, 2, 3, 4, 5, 6, 7, 8, 9, 10, 11, 12, 13, 14, 15
apic ids (fallback): 0, 1, 2, 3, 4, 5, 6, 7, 8, 9, 10, 11, 12, 13, 14, 15
from cpu registers: 0, 1, 2, 3, 4, 5, 6, 7, 8, 9, 10, 11, 12, 13, 14, 15
fallback: 0, 1, 2, 3, 4, 5, 6, 7, 8, 9, 10, 11, 12, 13, 14, 15
combined: 0, 1, 2, 3, 4, 5, 6, 7, 8, 9, 10, 11, 12, 13, 14, 15
max id per cpu: 16
SMT mask: 1
Core mask: e
Package mask: fffffff0
set results:
  - packages: 1
  - cores: 8
  - smts: 2
generate core map, new implementation
0, 1, 2, 3, 4, 5, 6, 7, 8, 9, 10, 11, 12, 13, 14, 15
packages: 1
cores   : 8
ht units: 2
 - pinning rule in use   : PINNING_RULE_MCALC_SKIP_ALL
 - desired group         : 0
 - num cores available   : 16
 - active core list from affinity: 
   + num accessible procs          : 16
   + num logical procs             : 16
   + current affinity (env)        : 0,1,2,3,4,5,6,7,8,9,10,11,12,13,14,15
   + sockets ids in                : 0
   + core list                  (1): 0,2,4,6,8,10,12,14
 - active cores          : 0,2,4,6,8,10,12,14
 - hyperthreading        : on
 - allowed core ids      : 0,2,4,6,8,10,12,14
 - allowed core ids (aff): 10101010 10101010 
 - used mask (string)    : 10101010 10101010 
=================================================================================

===================================================================================================
Version: 2025.4 Release from 2025-04-11 (change 1409410) [Release]
Workflow: PBA matrix coefficients
Operation: [acis, fpba, meshfill, bg, port-path, port-domain, tst, tst-nextgen, coeff, surface-imp]
Architecture: Windows, ID: AMD64
System Windows-64bit
Using processor group 0/1
Matrix calculation information:
# of Nodes: 0
Concurrency: 0
Start ID: 0
Node ID: 0
HEX Mesh information:
Hex mesh: global: [hxr o(0 | 0 | 0) s(45 | 3 | 32) np (no TSTs): 4320] 
===================================================================================================

>>>>>>>>>>>>>>>>>>>>>>>>>>>>>>>>>>>>>>>>
Mon Mon May  4 22:27:56 2026
started: calculating matrix coefficients
>>>>>>>>>>>>>>>>>>>>>>>>>>>>>>>>>>>>>>>>

============================================================
Matrix computation (PBA)
	[Perfect Boundary Approximation (PBA), version: default]
	[GPU acceleration: off (by user)]
Version: 2025.4 Release from 2025-04-11 (change 1409410)
PBA version: default, 2.20240218
Model compatibility: 2025.20250411
Sub-Workflow: FARM-1x1-TST2
Workflow updated: -
Mon Mon May  4 22:27:56 2026
============================================================

----------------------------------------------
Used point accuracy enhancement value: 75.00%.
----------------------------------------------

========================================================================
The maximum supported number of mesh cells without MPI is: 2,147,483,647
========================================================================

------------------------------------------------------------------------------------------------
Geometry processing log
	PEC background is represented by CAD geometry: false
	Background shape: added
	Multithread portion: 100.00
	Number of CAD shapes: 2
	Number of lumps: 1
------------------------------------------------------------------------------------------------
=========================================
== CST Matrix Calculation Priority Log ==
=========================================
Priorities are sorted in ascending order beginning with the lowest priority
 
Group | Shape-ID | ShapeName | Material | User-priority | 2D/3D-Geometry | Material-attributes | Shape-attributes | Feature-ID | Schemetype
1 | 4 | </cst/Boundaries/> Low^X | Copper (annealed) | n/a | no | pec.rho.surface-impedance. | boundary. | n/a | FIT_TD
1 | 5 | </cst/Boundaries/> Low^Y | Copper (annealed) | n/a | no | pec.rho.surface-impedance. | boundary. | n/a | FIT_TD
1 | 6 | </cst/Boundaries/> Low^Z | Copper (annealed) | n/a | no | pec.rho.surface-impedance. | boundary. | n/a | FIT_TD
1 | 7 | </cst/Boundaries/> Up^X | Copper (annealed) | n/a | no | pec.rho.surface-impedance. | boundary. | n/a | FIT_TD
1 | 8 | </cst/Boundaries/> Up^Y | Copper (annealed) | n/a | no | pec.rho.surface-impedance. | boundary. | n/a | FIT_TD
1 | 9 | </cst/Boundaries/> Up^Z | Copper (annealed) | n/a | no | pec.rho.surface-impedance. | boundary. | n/a | FIT_TD
2 | 1 | component1:dielectric__1_0 | FR-4 (lossy) | n/a | yes | dispersive-mue.normal. | solid. | n/a | FIT_TD
3 | 2 | component1:return_plane__1_0 | Copper (annealed) | n/a | yes | pec.rho.surface-impedance. | solid. | n/a | FIT_TD
3 | 3 | component1:return_plane__1_0 (Lump 2) | Copper (annealed) | n/a | yes | pec.rho.surface-impedance. | solid. | n/a | FIT_TD
=========================================
************************************************************************************************
General settings
	PBA version: default, 2.20240218, potentials: not required
	Model compatibility: 2025.20250411
	Software version: 2025.4 Release from 2025-04-11 (change 1409410)
	TST specials: -
------------------------------------------------------------------------------------------------
Geometry processor: default
	Geo accuracy: 75.000000
	Watertightness check: true
	Self intersection check: false
	Inheritance (all): false
	Normal dominance (all): false
	Normal dominance (ports): false
	Flanges hollow: true
	One shape per flange: false
	Multi threading: true
		max # of threads used: 16
		requested max # of threads: 16
		representation: indexed
		method: multi thread
		retry: no
------------------------------------------------------------------------------------------------
CAD processing settings are set to default
------------------------------------------------------------------------------------------------
Connectivity settings
	Workflow selection: 0
	Workflow version: 20180101
	Gap detection: true
	Gap detection version: 2
	TST version: default, 2.20240218, potentials: not required
	QQ workflow: true
	CoCo workflow: true
	Legacy topology: false
	Connectivity check: false
------------------------------------------------------------------------------------------------
------------------------------------------------------------------------------------------------
CAD Processing Version Info
	ACIS version installed:	34.0.1
	ACIS version used:	34.0.1
------------------------------------------------------------------------------------------------
Success method:	multi-thread-22
************************************************************************************************

-------------------------------------------------
Geometry representation: extended-edge
Shared memory: none
FARM allocation scheme: PA
Parallelization: off
Gap-Detection activated for FARM-topology. Gaps are resolved, even partially.: gap tolerance value is 0.001000 and mesh geometry scale is 0.001000

----------------------
Acceleration mode: CPU
----------------------

Port homogenization method: M2H point index deviation
ccccccccccccccccccccccccccccccccccccccccccccccccccccccccccccccccccccc
FARM/Meshfill cache is set to 8 (local FI domains: 1, dynamic: false)
ccccccccccccccccccccccccccccccccccccccccccccccccccccccccccccccccccccc

=============================================================
Hex cell analyzer settings:
	max number of E fields per mesh edge: 2
	max number of H fields per mesh face: 4
	supporting dual grid: false
	performance improvement: ROI limit: true
	performance improvement: ROI threshold: 2
	performance improvement: single topology extraction: true
	performance improvement: pre-categorize cell volume: true
	periodic align: 0
	periodic cells: true
	homogenization version: pid
=============================================================

===============
TST specials: -
===============

============================================================================================================================================
TST cell analysis in range (0 | 0 | 0) -> (45 | 3 | 32) [total range (0 | 0 | 0) -> (45 | 3 | 32)]  [mpi range (0 | 0 | 0) -> (45 | 3 | 32)]
============================================================================================================================================

-------------------
TST Statistics:
E Split (0 | 0 | 0)
E Adapt (0 | 0 | 0)
B Split (0 | 0 | 0)
B Adapt (0 | 0 | 0)
-------------------

-------------------------------------------------------------
TST Version 2.20240218, tst tiny faces fix: on, TST1 BWC: off
-------------------------------------------------------------

------------------------------------------------------------------------------
+++++++++++++++++++++++++++++++++++++++++++++++++++++
settings for port mode calculation
+++++++++++++++++++++++++++++++++++++++++++++++++++++
PBA fill limit is applied in inverse mode.
PBA fill limit is applied on faces filled with at least 99.00% metal material.
--------------------------------------------------------------
detailed accuracy settings:
--------------------------------------------------------------
augmented fill limit:       true
augmented fill limit value: 99.00
automatic fill limit:       true
early fill limit:           true
inverse fill limit:         true
model complexity:           0.00
legacy 2015:                false
fixed point accuracy:       false
minimum point accuracy:     0
mesh step inheritance:      false
accuracy mode:              
------------------------------------------------------------------------------

--------------------------------------
Glued 0 metal grid points in port area
--------------------------------------

-------------------------------------------------------------------------------
TST aware field source monitor processing forced by environment variable: false
No TST aware field source monitors to be processed
-------------------------------------------------------------------------------

=================================
Finished matrix computation (PBA)
=================================

<<<<<<<<<<<<<<<<<<<<<<<<<<<<<<<<<<<<<<<<<<<<<<<<<<<<<
Mon Mon May  4 22:27:58 2026
Resource usage for calculating matrix coefficients:
	Runtime                          00:00:01.00808 s
	Peak Memory Usage:                        79 MB
<<<<<<<<<<<<<<<<<<<<<<<<<<<<<<<<<<<<<<<<<<<<<<<<<<<<<

--------------------------------
# of staircase filled cells: 0
# of staircase filled areas: 0
# of staircase filled edges: 0
# of faces above fill limit: 0
# of edges with FPBA topology: 0
--------------------------------

Frontend-Node:  =======================================================================
                FPBA has been activated in order to calculate connectivity information.
                =======================================================================

==========================================================
[Boundaries] - MCalc
electric, electric, electric, electric, electric, electric
==========================================================

========================================
[Mesh] Matrix calculation - NO ACIS mode
========================================

=============================
[Mesh] Expansion: 0 0 0 0 0 0
=============================

=================================================================================
 - hardware info
   + cpu name                    : Intel(R) Core(TM) i7-10700K CPU @ 3.80GHz
   + sockets                     : 1
   + cores per socket            : 8
   + hyperthreading              : on
   + ht-units                    : 2
   + max cpuid level             : 22
   + max cpuid ext. level        : 8
   + numa nodes                  : 1
   + Numa Memory Info
     numa node     installed     available    (MByte)
       0                 0         37776
   + internal cpu info           : CPUID: selected engine is 'Leaf 0xB detection'
apic ids           : 0, 1, 2, 3, 4, 5, 6, 7, 8, 9, 10, 11, 12, 13, 14, 15
apic ids (fallback): 0, 1, 2, 3, 4, 5, 6, 7, 8, 9, 10, 11, 12, 13, 14, 15
from cpu registers: 0, 1, 2, 3, 4, 5, 6, 7, 8, 9, 10, 11, 12, 13, 14, 15
fallback: 0, 1, 2, 3, 4, 5, 6, 7, 8, 9, 10, 11, 12, 13, 14, 15
combined: 0, 1, 2, 3, 4, 5, 6, 7, 8, 9, 10, 11, 12, 13, 14, 15
max id per cpu: 16
SMT mask: 1
Core mask: e
Package mask: fffffff0
set results:
  - packages: 1
  - cores: 8
  - smts: 2
generate core map, new implementation
0, 1, 2, 3, 4, 5, 6, 7, 8, 9, 10, 11, 12, 13, 14, 15
packages: 1
cores   : 8
ht units: 2
 - pinning rule in use   : PINNING_RULE_MCALC_SKIP_ALL
 - desired group         : 0
 - num cores available   : 16
 - active core list from affinity: 
   + num accessible procs          : 16
   + num logical procs             : 16
   + current affinity (env)        : 0,1,2,3,4,5,6,7,8,9,10,11,12,13,14,15
   + sockets ids in                : 0
   + core list                  (1): 0,2,4,6,8,10,12,14
 - active cores          : 0,2,4,6,8,10,12,14
 - hyperthreading        : on
 - allowed core ids      : 0,2,4,6,8,10,12,14
 - allowed core ids (aff): 10101010 10101010 
 - used mask (string)    : 10101010 10101010 
=================================================================================

===================================================================================================
Version: 2025.4 Release from 2025-04-11 (change 1409410) [Release]
Workflow: PBA matrix coefficients
Operation: [acis, fpba, meshfill, bg, port-path, port-domain, tst, tst-nextgen, coeff, surface-imp]
Architecture: Windows, ID: AMD64
System Windows-64bit
Using processor group 0/1
Matrix calculation information:
# of Nodes: 0
Concurrency: 0
Start ID: 0
Node ID: 0
HEX Mesh information:
Hex mesh: global: [hxr o(0 | 0 | 0) s(61 | 3 | 47) np (no TSTs): 8601] 
===================================================================================================

>>>>>>>>>>>>>>>>>>>>>>>>>>>>>>>>>>>>>>>>
Mon Mon May  4 22:27:59 2026
started: calculating matrix coefficients
>>>>>>>>>>>>>>>>>>>>>>>>>>>>>>>>>>>>>>>>

============================================================
Matrix computation (PBA)
	[Perfect Boundary Approximation (PBA), version: default]
	[GPU acceleration: off (by user)]
Version: 2025.4 Release from 2025-04-11 (change 1409410)
PBA version: default, 2.20240218
Model compatibility: 2025.20250411
Sub-Workflow: FARM-1x1-TST2
Workflow updated: -
Mon Mon May  4 22:27:59 2026
============================================================

----------------------------------------------
Used point accuracy enhancement value: 75.00%.
----------------------------------------------

========================================================================
The maximum supported number of mesh cells without MPI is: 2,147,483,647
========================================================================

------------------------------------------------------------------------------------------------
Geometry processing log
	PEC background is represented by CAD geometry: false
	Background shape: added
	Multithread portion: 100.00
	Number of CAD shapes: 2
	Number of lumps: 1
------------------------------------------------------------------------------------------------
=========================================
== CST Matrix Calculation Priority Log ==
=========================================
Priorities are sorted in ascending order beginning with the lowest priority
 
Group | Shape-ID | ShapeName | Material | User-priority | 2D/3D-Geometry | Material-attributes | Shape-attributes | Feature-ID | Schemetype
1 | 4 | </cst/Boundaries/> Low^X | Copper (annealed) | n/a | no | pec.rho.surface-impedance. | boundary. | n/a | FIT_TD
1 | 5 | </cst/Boundaries/> Low^Y | Copper (annealed) | n/a | no | pec.rho.surface-impedance. | boundary. | n/a | FIT_TD
1 | 6 | </cst/Boundaries/> Low^Z | Copper (annealed) | n/a | no | pec.rho.surface-impedance. | boundary. | n/a | FIT_TD
1 | 7 | </cst/Boundaries/> Up^X | Copper (annealed) | n/a | no | pec.rho.surface-impedance. | boundary. | n/a | FIT_TD
1 | 8 | </cst/Boundaries/> Up^Y | Copper (annealed) | n/a | no | pec.rho.surface-impedance. | boundary. | n/a | FIT_TD
1 | 9 | </cst/Boundaries/> Up^Z | Copper (annealed) | n/a | no | pec.rho.surface-impedance. | boundary. | n/a | FIT_TD
2 | 1 | component1:dielectric__1_0 | FR-4 (lossy) | n/a | yes | dispersive-mue.normal. | solid. | n/a | FIT_TD
3 | 2 | component1:return_plane__1_0 | Copper (annealed) | n/a | yes | pec.rho.surface-impedance. | solid. | n/a | FIT_TD
3 | 3 | component1:return_plane__1_0 (Lump 2) | Copper (annealed) | n/a | yes | pec.rho.surface-impedance. | solid. | n/a | FIT_TD
=========================================
************************************************************************************************
General settings
	PBA version: default, 2.20240218, potentials: not required
	Model compatibility: 2025.20250411
	Software version: 2025.4 Release from 2025-04-11 (change 1409410)
	TST specials: -
------------------------------------------------------------------------------------------------
Geometry processor: default
	Geo accuracy: 75.000000
	Watertightness check: true
	Self intersection check: false
	Inheritance (all): false
	Normal dominance (all): false
	Normal dominance (ports): false
	Flanges hollow: true
	One shape per flange: false
	Multi threading: true
		max # of threads used: 16
		requested max # of threads: 16
		representation: indexed
		method: multi thread
		retry: no
------------------------------------------------------------------------------------------------
CAD processing settings are set to default
------------------------------------------------------------------------------------------------
Connectivity settings
	Workflow selection: 0
	Workflow version: 20180101
	Gap detection: true
	Gap detection version: 2
	TST version: default, 2.20240218, potentials: not required
	QQ workflow: true
	CoCo workflow: true
	Legacy topology: false
	Connectivity check: false
------------------------------------------------------------------------------------------------
------------------------------------------------------------------------------------------------
CAD Processing Version Info
	ACIS version installed:	34.0.1
	ACIS version used:	34.0.1
------------------------------------------------------------------------------------------------
Success method:	multi-thread-22
************************************************************************************************

-------------------------------------------------
Geometry representation: extended-edge
Shared memory: none
FARM allocation scheme: PA
Parallelization: off
Gap-Detection activated for FARM-topology. Gaps are resolved, even partially.: gap tolerance value is 0.001000 and mesh geometry scale is 0.001000

----------------------
Acceleration mode: CPU
----------------------

Port homogenization method: M2H point index deviation
ccccccccccccccccccccccccccccccccccccccccccccccccccccccccccccccccccccc
FARM/Meshfill cache is set to 8 (local FI domains: 1, dynamic: false)
ccccccccccccccccccccccccccccccccccccccccccccccccccccccccccccccccccccc

=============================================================
Hex cell analyzer settings:
	max number of E fields per mesh edge: 2
	max number of H fields per mesh face: 4
	supporting dual grid: false
	performance improvement: ROI limit: true
	performance improvement: ROI threshold: 2
	performance improvement: single topology extraction: true
	performance improvement: pre-categorize cell volume: true
	periodic align: 0
	periodic cells: true
	homogenization version: pid
=============================================================

===============
TST specials: -
===============

============================================================================================================================================
TST cell analysis in range (0 | 0 | 0) -> (61 | 3 | 47) [total range (0 | 0 | 0) -> (61 | 3 | 47)]  [mpi range (0 | 0 | 0) -> (61 | 3 | 47)]
============================================================================================================================================

-------------------
TST Statistics:
E Split (0 | 0 | 0)
E Adapt (0 | 0 | 0)
B Split (0 | 0 | 0)
B Adapt (0 | 0 | 0)
-------------------

-------------------------------------------------------------
TST Version 2.20240218, tst tiny faces fix: on, TST1 BWC: off
-------------------------------------------------------------

------------------------------------------------------------------------------
+++++++++++++++++++++++++++++++++++++++++++++++++++++
settings for port mode calculation
+++++++++++++++++++++++++++++++++++++++++++++++++++++
PBA fill limit is applied in inverse mode.
PBA fill limit is applied on faces filled with at least 99.00% metal material.
--------------------------------------------------------------
detailed accuracy settings:
--------------------------------------------------------------
augmented fill limit:       true
augmented fill limit value: 99.00
automatic fill limit:       true
early fill limit:           true
inverse fill limit:         true
model complexity:           0.00
legacy 2015:                false
fixed point accuracy:       false
minimum point accuracy:     0
mesh step inheritance:      false
accuracy mode:              
------------------------------------------------------------------------------

--------------------------------------
Glued 0 metal grid points in port area
--------------------------------------

-------------------------------------------------------------------------------
TST aware field source monitor processing forced by environment variable: false
No TST aware field source monitors to be processed
-------------------------------------------------------------------------------

=================================
Finished matrix computation (PBA)
=================================

<<<<<<<<<<<<<<<<<<<<<<<<<<<<<<<<<<<<<<<<<<<<<<<<<<<<<
Mon Mon May  4 22:28:01 2026
Resource usage for calculating matrix coefficients:
	Runtime                          00:00:02.00833 s
	Peak Memory Usage:                       134 MB
<<<<<<<<<<<<<<<<<<<<<<<<<<<<<<<<<<<<<<<<<<<<<<<<<<<<<

--------------------------------
# of staircase filled cells: 0
# of staircase filled areas: 0
# of staircase filled edges: 0
# of faces above fill limit: 0
# of edges with FPBA topology: 0
--------------------------------

Frontend-Node:  =======================================================================
                FPBA has been activated in order to calculate connectivity information.
                =======================================================================

==========================================================
[Boundaries] - MCalc
electric, electric, electric, electric, electric, electric
==========================================================

========================================
[Mesh] Matrix calculation - NO ACIS mode
========================================

=============================
[Mesh] Expansion: 0 0 0 0 0 0
=============================

=================================================================================
 - hardware info
   + cpu name                    : Intel(R) Core(TM) i7-10700K CPU @ 3.80GHz
   + sockets                     : 1
   + cores per socket            : 8
   + hyperthreading              : on
   + ht-units                    : 2
   + max cpuid level             : 22
   + max cpuid ext. level        : 8
   + numa nodes                  : 1
   + Numa Memory Info
     numa node     installed     available    (MByte)
       0                 0         37776
   + internal cpu info           : CPUID: selected engine is 'Leaf 0xB detection'
apic ids           : 0, 1, 2, 3, 4, 5, 6, 7, 8, 9, 10, 11, 12, 13, 14, 15
apic ids (fallback): 0, 1, 2, 3, 4, 5, 6, 7, 8, 9, 10, 11, 12, 13, 14, 15
from cpu registers: 0, 1, 2, 3, 4, 5, 6, 7, 8, 9, 10, 11, 12, 13, 14, 15
fallback: 0, 1, 2, 3, 4, 5, 6, 7, 8, 9, 10, 11, 12, 13, 14, 15
combined: 0, 1, 2, 3, 4, 5, 6, 7, 8, 9, 10, 11, 12, 13, 14, 15
max id per cpu: 16
SMT mask: 1
Core mask: e
Package mask: fffffff0
set results:
  - packages: 1
  - cores: 8
  - smts: 2
generate core map, new implementation
0, 1, 2, 3, 4, 5, 6, 7, 8, 9, 10, 11, 12, 13, 14, 15
packages: 1
cores   : 8
ht units: 2
 - pinning rule in use   : PINNING_RULE_MCALC_SKIP_ALL
 - desired group         : 0
 - num cores available   : 16
 - active core list from affinity: 
   + num accessible procs          : 16
   + num logical procs             : 16
   + current affinity (env)        : 0,1,2,3,4,5,6,7,8,9,10,11,12,13,14,15
   + sockets ids in                : 0
   + core list                  (1): 0,2,4,6,8,10,12,14
 - active cores          : 0,2,4,6,8,10,12,14
 - hyperthreading        : on
 - allowed core ids      : 0,2,4,6,8,10,12,14
 - allowed core ids (aff): 10101010 10101010 
 - used mask (string)    : 10101010 10101010 
=================================================================================

===================================================================================================
Version: 2025.4 Release from 2025-04-11 (change 1409410) [Release]
Workflow: PBA matrix coefficients
Operation: [acis, fpba, meshfill, bg, port-path, port-domain, tst, tst-nextgen, coeff, surface-imp]
Architecture: Windows, ID: AMD64
System Windows-64bit
Using processor group 0/1
Matrix calculation information:
# of Nodes: 0
Concurrency: 0
Start ID: 0
Node ID: 0
HEX Mesh information:
Hex mesh: global: [hxr o(0 | 0 | 0) s(37 | 3 | 20) np (no TSTs): 2220] 
===================================================================================================

>>>>>>>>>>>>>>>>>>>>>>>>>>>>>>>>>>>>>>>>
Mon Mon May  4 22:28:03 2026
started: calculating matrix coefficients
>>>>>>>>>>>>>>>>>>>>>>>>>>>>>>>>>>>>>>>>

============================================================
Matrix computation (PBA)
	[Perfect Boundary Approximation (PBA), version: default]
	[GPU acceleration: off (by user)]
Version: 2025.4 Release from 2025-04-11 (change 1409410)
PBA version: default, 2.20240218
Model compatibility: 2025.20250411
Sub-Workflow: FARM-1x1-TST2
Workflow updated: -
Mon Mon May  4 22:28:03 2026
============================================================

----------------------------------------------
Used point accuracy enhancement value: 75.00%.
----------------------------------------------

========================================================================
The maximum supported number of mesh cells without MPI is: 2,147,483,647
========================================================================

------------------------------------------------------------------------------------------------
Geometry processing log
	PEC background is represented by CAD geometry: false
	Background shape: added
	Multithread portion: 100.00
	Number of CAD shapes: 2
	Number of lumps: 1
------------------------------------------------------------------------------------------------
=========================================
== CST Matrix Calculation Priority Log ==
=========================================
Priorities are sorted in ascending order beginning with the lowest priority
 
Group | Shape-ID | ShapeName | Material | User-priority | 2D/3D-Geometry | Material-attributes | Shape-attributes | Feature-ID | Schemetype
1 | 4 | </cst/Boundaries/> Low^X | Copper (annealed) | n/a | no | pec.rho.surface-impedance. | boundary. | n/a | FIT_TD
1 | 5 | </cst/Boundaries/> Low^Y | Copper (annealed) | n/a | no | pec.rho.surface-impedance. | boundary. | n/a | FIT_TD
1 | 6 | </cst/Boundaries/> Low^Z | Copper (annealed) | n/a | no | pec.rho.surface-impedance. | boundary. | n/a | FIT_TD
1 | 7 | </cst/Boundaries/> Up^X | Copper (annealed) | n/a | no | pec.rho.surface-impedance. | boundary. | n/a | FIT_TD
1 | 8 | </cst/Boundaries/> Up^Y | Copper (annealed) | n/a | no | pec.rho.surface-impedance. | boundary. | n/a | FIT_TD
1 | 9 | </cst/Boundaries/> Up^Z | Copper (annealed) | n/a | no | pec.rho.surface-impedance. | boundary. | n/a | FIT_TD
2 | 1 | component1:dielectric__2_0 | FR-4 (lossy) | n/a | yes | dispersive-mue.normal. | solid. | n/a | FIT_TD
3 | 2 | component1:return_plane__2_0 | Copper (annealed) | n/a | yes | pec.rho.surface-impedance. | solid. | n/a | FIT_TD
3 | 3 | component1:return_plane__2_0 (Lump 2) | Copper (annealed) | n/a | yes | pec.rho.surface-impedance. | solid. | n/a | FIT_TD
=========================================
************************************************************************************************
General settings
	PBA version: default, 2.20240218, potentials: not required
	Model compatibility: 2025.20250411
	Software version: 2025.4 Release from 2025-04-11 (change 1409410)
	TST specials: -
------------------------------------------------------------------------------------------------
Geometry processor: default
	Geo accuracy: 75.000000
	Watertightness check: true
	Self intersection check: false
	Inheritance (all): false
	Normal dominance (all): false
	Normal dominance (ports): false
	Flanges hollow: true
	One shape per flange: false
	Multi threading: true
		max # of threads used: 16
		requested max # of threads: 16
		representation: indexed
		method: multi thread
		retry: no
------------------------------------------------------------------------------------------------
CAD processing settings are set to default
------------------------------------------------------------------------------------------------
Connectivity settings
	Workflow selection: 0
	Workflow version: 20180101
	Gap detection: true
	Gap detection version: 2
	TST version: default, 2.20240218, potentials: not required
	QQ workflow: true
	CoCo workflow: true
	Legacy topology: false
	Connectivity check: false
------------------------------------------------------------------------------------------------
------------------------------------------------------------------------------------------------
CAD Processing Version Info
	ACIS version installed:	34.0.1
	ACIS version used:	34.0.1
------------------------------------------------------------------------------------------------
Success method:	multi-thread-22
************************************************************************************************

-------------------------------------------------
Geometry representation: extended-edge
Shared memory: none
FARM allocation scheme: PA
Parallelization: off
Gap-Detection activated for FARM-topology. Gaps are resolved, even partially.: gap tolerance value is 0.001000 and mesh geometry scale is 0.001000

----------------------
Acceleration mode: CPU
----------------------

Port homogenization method: M2H point index deviation
ccccccccccccccccccccccccccccccccccccccccccccccccccccccccccccccccccccc
FARM/Meshfill cache is set to 8 (local FI domains: 1, dynamic: false)
ccccccccccccccccccccccccccccccccccccccccccccccccccccccccccccccccccccc

=============================================================
Hex cell analyzer settings:
	max number of E fields per mesh edge: 2
	max number of H fields per mesh face: 4
	supporting dual grid: false
	performance improvement: ROI limit: true
	performance improvement: ROI threshold: 2
	performance improvement: single topology extraction: true
	performance improvement: pre-categorize cell volume: true
	periodic align: 0
	periodic cells: true
	homogenization version: pid
=============================================================

===============
TST specials: -
===============

============================================================================================================================================
TST cell analysis in range (0 | 0 | 0) -> (37 | 3 | 20) [total range (0 | 0 | 0) -> (37 | 3 | 20)]  [mpi range (0 | 0 | 0) -> (37 | 3 | 20)]
============================================================================================================================================

-------------------
TST Statistics:
E Split (0 | 0 | 0)
E Adapt (0 | 0 | 0)
B Split (0 | 0 | 0)
B Adapt (0 | 0 | 0)
-------------------

-------------------------------------------------------------
TST Version 2.20240218, tst tiny faces fix: on, TST1 BWC: off
-------------------------------------------------------------

------------------------------------------------------------------------------
+++++++++++++++++++++++++++++++++++++++++++++++++++++
settings for port mode calculation
+++++++++++++++++++++++++++++++++++++++++++++++++++++
PBA fill limit is applied in inverse mode.
PBA fill limit is applied on faces filled with at least 99.00% metal material.
--------------------------------------------------------------
detailed accuracy settings:
--------------------------------------------------------------
augmented fill limit:       true
augmented fill limit value: 99.00
automatic fill limit:       true
early fill limit:           true
inverse fill limit:         true
model complexity:           0.00
legacy 2015:                false
fixed point accuracy:       false
minimum point accuracy:     0
mesh step inheritance:      false
accuracy mode:              
------------------------------------------------------------------------------

--------------------------------------
Glued 0 metal grid points in port area
--------------------------------------

-------------------------------------------------------------------------------
TST aware field source monitor processing forced by environment variable: false
No TST aware field source monitors to be processed
-------------------------------------------------------------------------------

=================================
Finished matrix computation (PBA)
=================================

<<<<<<<<<<<<<<<<<<<<<<<<<<<<<<<<<<<<<<<<<<<<<<<<<<<<<
Mon Mon May  4 22:28:04 2026
Resource usage for calculating matrix coefficients:
	Runtime                          00:00:01.00320 s
	Peak Memory Usage:                        54 MB
<<<<<<<<<<<<<<<<<<<<<<<<<<<<<<<<<<<<<<<<<<<<<<<<<<<<<

--------------------------------
# of staircase filled cells: 0
# of staircase filled areas: 0
# of staircase filled edges: 0
# of faces above fill limit: 0
# of edges with FPBA topology: 0
--------------------------------

Frontend-Node:  =======================================================================
                FPBA has been activated in order to calculate connectivity information.
                =======================================================================

==========================================================
[Boundaries] - MCalc
electric, electric, electric, electric, electric, electric
==========================================================

========================================
[Mesh] Matrix calculation - NO ACIS mode
========================================

=============================
[Mesh] Expansion: 0 0 0 0 0 0
=============================

=================================================================================
 - hardware info
   + cpu name                    : Intel(R) Core(TM) i7-10700K CPU @ 3.80GHz
   + sockets                     : 1
   + cores per socket            : 8
   + hyperthreading              : on
   + ht-units                    : 2
   + max cpuid level             : 22
   + max cpuid ext. level        : 8
   + numa nodes                  : 1
   + Numa Memory Info
     numa node     installed     available    (MByte)
       0                 0         37772
   + internal cpu info           : CPUID: selected engine is 'Leaf 0xB detection'
apic ids           : 0, 1, 2, 3, 4, 5, 6, 7, 8, 9, 10, 11, 12, 13, 14, 15
apic ids (fallback): 0, 1, 2, 3, 4, 5, 6, 7, 8, 9, 10, 11, 12, 13, 14, 15
from cpu registers: 0, 1, 2, 3, 4, 5, 6, 7, 8, 9, 10, 11, 12, 13, 14, 15
fallback: 0, 1, 2, 3, 4, 5, 6, 7, 8, 9, 10, 11, 12, 13, 14, 15
combined: 0, 1, 2, 3, 4, 5, 6, 7, 8, 9, 10, 11, 12, 13, 14, 15
max id per cpu: 16
SMT mask: 1
Core mask: e
Package mask: fffffff0
set results:
  - packages: 1
  - cores: 8
  - smts: 2
generate core map, new implementation
0, 1, 2, 3, 4, 5, 6, 7, 8, 9, 10, 11, 12, 13, 14, 15
packages: 1
cores   : 8
ht units: 2
 - pinning rule in use   : PINNING_RULE_MCALC_SKIP_ALL
 - desired group         : 0
 - num cores available   : 16
 - active core list from affinity: 
   + num accessible procs          : 16
   + num logical procs             : 16
   + current affinity (env)        : 0,1,2,3,4,5,6,7,8,9,10,11,12,13,14,15
   + sockets ids in                : 0
   + core list                  (1): 0,2,4,6,8,10,12,14
 - active cores          : 0,2,4,6,8,10,12,14
 - hyperthreading        : on
 - allowed core ids      : 0,2,4,6,8,10,12,14
 - allowed core ids (aff): 10101010 10101010 
 - used mask (string)    : 10101010 10101010 
=================================================================================

===================================================================================================
Version: 2025.4 Release from 2025-04-11 (change 1409410) [Release]
Workflow: PBA matrix coefficients
Operation: [acis, fpba, meshfill, bg, port-path, port-domain, tst, tst-nextgen, coeff, surface-imp]
Architecture: Windows, ID: AMD64
System Windows-64bit
Using processor group 0/1
Matrix calculation information:
# of Nodes: 0
Concurrency: 0
Start ID: 0
Node ID: 0
HEX Mesh information:
Hex mesh: global: [hxr o(0 | 0 | 0) s(47 | 3 | 32) np (no TSTs): 4512] 
===================================================================================================

>>>>>>>>>>>>>>>>>>>>>>>>>>>>>>>>>>>>>>>>
Mon Mon May  4 22:28:05 2026
started: calculating matrix coefficients
>>>>>>>>>>>>>>>>>>>>>>>>>>>>>>>>>>>>>>>>

============================================================
Matrix computation (PBA)
	[Perfect Boundary Approximation (PBA), version: default]
	[GPU acceleration: off (by user)]
Version: 2025.4 Release from 2025-04-11 (change 1409410)
PBA version: default, 2.20240218
Model compatibility: 2025.20250411
Sub-Workflow: FARM-1x1-TST2
Workflow updated: -
Mon Mon May  4 22:28:05 2026
============================================================

----------------------------------------------
Used point accuracy enhancement value: 75.00%.
----------------------------------------------

========================================================================
The maximum supported number of mesh cells without MPI is: 2,147,483,647
========================================================================

------------------------------------------------------------------------------------------------
Geometry processing log
	PEC background is represented by CAD geometry: false
	Background shape: added
	Multithread portion: 100.00
	Number of CAD shapes: 2
	Number of lumps: 1
------------------------------------------------------------------------------------------------
=========================================
== CST Matrix Calculation Priority Log ==
=========================================
Priorities are sorted in ascending order beginning with the lowest priority
 
Group | Shape-ID | ShapeName | Material | User-priority | 2D/3D-Geometry | Material-attributes | Shape-attributes | Feature-ID | Schemetype
1 | 4 | </cst/Boundaries/> Low^X | Copper (annealed) | n/a | no | pec.rho.surface-impedance. | boundary. | n/a | FIT_TD
1 | 5 | </cst/Boundaries/> Low^Y | Copper (annealed) | n/a | no | pec.rho.surface-impedance. | boundary. | n/a | FIT_TD
1 | 6 | </cst/Boundaries/> Low^Z | Copper (annealed) | n/a | no | pec.rho.surface-impedance. | boundary. | n/a | FIT_TD
1 | 7 | </cst/Boundaries/> Up^X | Copper (annealed) | n/a | no | pec.rho.surface-impedance. | boundary. | n/a | FIT_TD
1 | 8 | </cst/Boundaries/> Up^Y | Copper (annealed) | n/a | no | pec.rho.surface-impedance. | boundary. | n/a | FIT_TD
1 | 9 | </cst/Boundaries/> Up^Z | Copper (annealed) | n/a | no | pec.rho.surface-impedance. | boundary. | n/a | FIT_TD
2 | 1 | component1:dielectric__2_0 | FR-4 (lossy) | n/a | yes | dispersive-mue.normal. | solid. | n/a | FIT_TD
3 | 2 | component1:return_plane__2_0 | Copper (annealed) | n/a | yes | pec.rho.surface-impedance. | solid. | n/a | FIT_TD
3 | 3 | component1:return_plane__2_0 (Lump 2) | Copper (annealed) | n/a | yes | pec.rho.surface-impedance. | solid. | n/a | FIT_TD
=========================================
************************************************************************************************
General settings
	PBA version: default, 2.20240218, potentials: not required
	Model compatibility: 2025.20250411
	Software version: 2025.4 Release from 2025-04-11 (change 1409410)
	TST specials: -
------------------------------------------------------------------------------------------------
Geometry processor: default
	Geo accuracy: 75.000000
	Watertightness check: true
	Self intersection check: false
	Inheritance (all): false
	Normal dominance (all): false
	Normal dominance (ports): false
	Flanges hollow: true
	One shape per flange: false
	Multi threading: true
		max # of threads used: 16
		requested max # of threads: 16
		representation: indexed
		method: multi thread
		retry: no
------------------------------------------------------------------------------------------------
CAD processing settings are set to default
------------------------------------------------------------------------------------------------
Connectivity settings
	Workflow selection: 0
	Workflow version: 20180101
	Gap detection: true
	Gap detection version: 2
	TST version: default, 2.20240218, potentials: not required
	QQ workflow: true
	CoCo workflow: true
	Legacy topology: false
	Connectivity check: false
------------------------------------------------------------------------------------------------
------------------------------------------------------------------------------------------------
CAD Processing Version Info
	ACIS version installed:	34.0.1
	ACIS version used:	34.0.1
------------------------------------------------------------------------------------------------
Success method:	multi-thread-22
************************************************************************************************

-------------------------------------------------
Geometry representation: extended-edge
Shared memory: none
FARM allocation scheme: PA
Parallelization: off
Gap-Detection activated for FARM-topology. Gaps are resolved, even partially.: gap tolerance value is 0.001000 and mesh geometry scale is 0.001000

----------------------
Acceleration mode: CPU
----------------------

Port homogenization method: M2H point index deviation
ccccccccccccccccccccccccccccccccccccccccccccccccccccccccccccccccccccc
FARM/Meshfill cache is set to 8 (local FI domains: 1, dynamic: false)
ccccccccccccccccccccccccccccccccccccccccccccccccccccccccccccccccccccc

=============================================================
Hex cell analyzer settings:
	max number of E fields per mesh edge: 2
	max number of H fields per mesh face: 4
	supporting dual grid: false
	performance improvement: ROI limit: true
	performance improvement: ROI threshold: 2
	performance improvement: single topology extraction: true
	performance improvement: pre-categorize cell volume: true
	periodic align: 0
	periodic cells: true
	homogenization version: pid
=============================================================

===============
TST specials: -
===============

============================================================================================================================================
TST cell analysis in range (0 | 0 | 0) -> (47 | 3 | 32) [total range (0 | 0 | 0) -> (47 | 3 | 32)]  [mpi range (0 | 0 | 0) -> (47 | 3 | 32)]
============================================================================================================================================

-------------------
TST Statistics:
E Split (0 | 0 | 0)
E Adapt (0 | 0 | 0)
B Split (0 | 0 | 0)
B Adapt (0 | 0 | 0)
-------------------

-------------------------------------------------------------
TST Version 2.20240218, tst tiny faces fix: on, TST1 BWC: off
-------------------------------------------------------------

------------------------------------------------------------------------------
+++++++++++++++++++++++++++++++++++++++++++++++++++++
settings for port mode calculation
+++++++++++++++++++++++++++++++++++++++++++++++++++++
PBA fill limit is applied in inverse mode.
PBA fill limit is applied on faces filled with at least 99.00% metal material.
--------------------------------------------------------------
detailed accuracy settings:
--------------------------------------------------------------
augmented fill limit:       true
augmented fill limit value: 99.00
automatic fill limit:       true
early fill limit:           true
inverse fill limit:         true
model complexity:           0.00
legacy 2015:                false
fixed point accuracy:       false
minimum point accuracy:     0
mesh step inheritance:      false
accuracy mode:              
------------------------------------------------------------------------------

--------------------------------------
Glued 0 metal grid points in port area
--------------------------------------

-------------------------------------------------------------------------------
TST aware field source monitor processing forced by environment variable: false
No TST aware field source monitors to be processed
-------------------------------------------------------------------------------

=================================
Finished matrix computation (PBA)
=================================

<<<<<<<<<<<<<<<<<<<<<<<<<<<<<<<<<<<<<<<<<<<<<<<<<<<<<
Mon Mon May  4 22:28:07 2026
Resource usage for calculating matrix coefficients:
	Runtime                          00:00:01.00822 s
	Peak Memory Usage:                        83 MB
<<<<<<<<<<<<<<<<<<<<<<<<<<<<<<<<<<<<<<<<<<<<<<<<<<<<<

--------------------------------
# of staircase filled cells: 0
# of staircase filled areas: 0
# of staircase filled edges: 0
# of faces above fill limit: 0
# of edges with FPBA topology: 0
--------------------------------

Frontend-Node:  =======================================================================
                FPBA has been activated in order to calculate connectivity information.
                =======================================================================

==========================================================
[Boundaries] - MCalc
electric, electric, electric, electric, electric, electric
==========================================================

========================================
[Mesh] Matrix calculation - NO ACIS mode
========================================

=============================
[Mesh] Expansion: 0 0 0 0 0 0
=============================

=================================================================================
 - hardware info
   + cpu name                    : Intel(R) Core(TM) i7-10700K CPU @ 3.80GHz
   + sockets                     : 1
   + cores per socket            : 8
   + hyperthreading              : on
   + ht-units                    : 2
   + max cpuid level             : 22
   + max cpuid ext. level        : 8
   + numa nodes                  : 1
   + Numa Memory Info
     numa node     installed     available    (MByte)
       0                 0         37760
   + internal cpu info           : CPUID: selected engine is 'Leaf 0xB detection'
apic ids           : 0, 1, 2, 3, 4, 5, 6, 7, 8, 9, 10, 11, 12, 13, 14, 15
apic ids (fallback): 0, 1, 2, 3, 4, 5, 6, 7, 8, 9, 10, 11, 12, 13, 14, 15
from cpu registers: 0, 1, 2, 3, 4, 5, 6, 7, 8, 9, 10, 11, 12, 13, 14, 15
fallback: 0, 1, 2, 3, 4, 5, 6, 7, 8, 9, 10, 11, 12, 13, 14, 15
combined: 0, 1, 2, 3, 4, 5, 6, 7, 8, 9, 10, 11, 12, 13, 14, 15
max id per cpu: 16
SMT mask: 1
Core mask: e
Package mask: fffffff0
set results:
  - packages: 1
  - cores: 8
  - smts: 2
generate core map, new implementation
0, 1, 2, 3, 4, 5, 6, 7, 8, 9, 10, 11, 12, 13, 14, 15
packages: 1
cores   : 8
ht units: 2
 - pinning rule in use   : PINNING_RULE_MCALC_SKIP_ALL
 - desired group         : 0
 - num cores available   : 16
 - active core list from affinity: 
   + num accessible procs          : 16
   + num logical procs             : 16
   + current affinity (env)        : 0,1,2,3,4,5,6,7,8,9,10,11,12,13,14,15
   + sockets ids in                : 0
   + core list                  (1): 0,2,4,6,8,10,12,14
 - active cores          : 0,2,4,6,8,10,12,14
 - hyperthreading        : on
 - allowed core ids      : 0,2,4,6,8,10,12,14
 - allowed core ids (aff): 10101010 10101010 
 - used mask (string)    : 10101010 10101010 
=================================================================================

===================================================================================================
Version: 2025.4 Release from 2025-04-11 (change 1409410) [Release]
Workflow: PBA matrix coefficients
Operation: [acis, fpba, meshfill, bg, port-path, port-domain, tst, tst-nextgen, coeff, surface-imp]
Architecture: Windows, ID: AMD64
System Windows-64bit
Using processor group 0/1
Matrix calculation information:
# of Nodes: 0
Concurrency: 0
Start ID: 0
Node ID: 0
HEX Mesh information:
Hex mesh: global: [hxr o(0 | 0 | 0) s(63 | 3 | 48) np (no TSTs): 9072] 
===================================================================================================

>>>>>>>>>>>>>>>>>>>>>>>>>>>>>>>>>>>>>>>>
Mon Mon May  4 22:28:08 2026
started: calculating matrix coefficients
>>>>>>>>>>>>>>>>>>>>>>>>>>>>>>>>>>>>>>>>

============================================================
Matrix computation (PBA)
	[Perfect Boundary Approximation (PBA), version: default]
	[GPU acceleration: off (by user)]
Version: 2025.4 Release from 2025-04-11 (change 1409410)
PBA version: default, 2.20240218
Model compatibility: 2025.20250411
Sub-Workflow: FARM-1x1-TST2
Workflow updated: -
Mon Mon May  4 22:28:08 2026
============================================================

----------------------------------------------
Used point accuracy enhancement value: 75.00%.
----------------------------------------------

========================================================================
The maximum supported number of mesh cells without MPI is: 2,147,483,647
========================================================================

------------------------------------------------------------------------------------------------
Geometry processing log
	PEC background is represented by CAD geometry: false
	Background shape: added
	Multithread portion: 100.00
	Number of CAD shapes: 2
	Number of lumps: 1
------------------------------------------------------------------------------------------------
=========================================
== CST Matrix Calculation Priority Log ==
=========================================
Priorities are sorted in ascending order beginning with the lowest priority
 
Group | Shape-ID | ShapeName | Material | User-priority | 2D/3D-Geometry | Material-attributes | Shape-attributes | Feature-ID | Schemetype
1 | 4 | </cst/Boundaries/> Low^X | Copper (annealed) | n/a | no | pec.rho.surface-impedance. | boundary. | n/a | FIT_TD
1 | 5 | </cst/Boundaries/> Low^Y | Copper (annealed) | n/a | no | pec.rho.surface-impedance. | boundary. | n/a | FIT_TD
1 | 6 | </cst/Boundaries/> Low^Z | Copper (annealed) | n/a | no | pec.rho.surface-impedance. | boundary. | n/a | FIT_TD
1 | 7 | </cst/Boundaries/> Up^X | Copper (annealed) | n/a | no | pec.rho.surface-impedance. | boundary. | n/a | FIT_TD
1 | 8 | </cst/Boundaries/> Up^Y | Copper (annealed) | n/a | no | pec.rho.surface-impedance. | boundary. | n/a | FIT_TD
1 | 9 | </cst/Boundaries/> Up^Z | Copper (annealed) | n/a | no | pec.rho.surface-impedance. | boundary. | n/a | FIT_TD
2 | 1 | component1:dielectric__2_0 | FR-4 (lossy) | n/a | yes | dispersive-mue.normal. | solid. | n/a | FIT_TD
3 | 2 | component1:return_plane__2_0 | Copper (annealed) | n/a | yes | pec.rho.surface-impedance. | solid. | n/a | FIT_TD
3 | 3 | component1:return_plane__2_0 (Lump 2) | Copper (annealed) | n/a | yes | pec.rho.surface-impedance. | solid. | n/a | FIT_TD
=========================================
************************************************************************************************
General settings
	PBA version: default, 2.20240218, potentials: not required
	Model compatibility: 2025.20250411
	Software version: 2025.4 Release from 2025-04-11 (change 1409410)
	TST specials: -
------------------------------------------------------------------------------------------------
Geometry processor: default
	Geo accuracy: 75.000000
	Watertightness check: true
	Self intersection check: false
	Inheritance (all): false
	Normal dominance (all): false
	Normal dominance (ports): false
	Flanges hollow: true
	One shape per flange: false
	Multi threading: true
		max # of threads used: 16
		requested max # of threads: 16
		representation: indexed
		method: multi thread
		retry: no
------------------------------------------------------------------------------------------------
CAD processing settings are set to default
------------------------------------------------------------------------------------------------
Connectivity settings
	Workflow selection: 0
	Workflow version: 20180101
	Gap detection: true
	Gap detection version: 2
	TST version: default, 2.20240218, potentials: not required
	QQ workflow: true
	CoCo workflow: true
	Legacy topology: false
	Connectivity check: false
------------------------------------------------------------------------------------------------
------------------------------------------------------------------------------------------------
CAD Processing Version Info
	ACIS version installed:	34.0.1
	ACIS version used:	34.0.1
------------------------------------------------------------------------------------------------
Success method:	multi-thread-22
************************************************************************************************

-------------------------------------------------
Geometry representation: extended-edge
Shared memory: none
FARM allocation scheme: PA
Parallelization: off
Gap-Detection activated for FARM-topology. Gaps are resolved, even partially.: gap tolerance value is 0.001000 and mesh geometry scale is 0.001000

----------------------
Acceleration mode: CPU
----------------------

Port homogenization method: M2H point index deviation
ccccccccccccccccccccccccccccccccccccccccccccccccccccccccccccccccccccc
FARM/Meshfill cache is set to 8 (local FI domains: 1, dynamic: false)
ccccccccccccccccccccccccccccccccccccccccccccccccccccccccccccccccccccc

=============================================================
Hex cell analyzer settings:
	max number of E fields per mesh edge: 2
	max number of H fields per mesh face: 4
	supporting dual grid: false
	performance improvement: ROI limit: true
	performance improvement: ROI threshold: 2
	performance improvement: single topology extraction: true
	performance improvement: pre-categorize cell volume: true
	periodic align: 0
	periodic cells: true
	homogenization version: pid
=============================================================

===============
TST specials: -
===============

============================================================================================================================================
TST cell analysis in range (0 | 0 | 0) -> (63 | 3 | 48) [total range (0 | 0 | 0) -> (63 | 3 | 48)]  [mpi range (0 | 0 | 0) -> (63 | 3 | 48)]
============================================================================================================================================

-------------------
TST Statistics:
E Split (0 | 0 | 0)
E Adapt (0 | 0 | 0)
B Split (0 | 0 | 0)
B Adapt (0 | 0 | 0)
-------------------

-------------------------------------------------------------
TST Version 2.20240218, tst tiny faces fix: on, TST1 BWC: off
-------------------------------------------------------------

------------------------------------------------------------------------------
+++++++++++++++++++++++++++++++++++++++++++++++++++++
settings for port mode calculation
+++++++++++++++++++++++++++++++++++++++++++++++++++++
PBA fill limit is applied in inverse mode.
PBA fill limit is applied on faces filled with at least 99.00% metal material.
--------------------------------------------------------------
detailed accuracy settings:
--------------------------------------------------------------
augmented fill limit:       true
augmented fill limit value: 99.00
automatic fill limit:       true
early fill limit:           true
inverse fill limit:         true
model complexity:           0.00
legacy 2015:                false
fixed point accuracy:       false
minimum point accuracy:     0
mesh step inheritance:      false
accuracy mode:              
------------------------------------------------------------------------------

--------------------------------------
Glued 0 metal grid points in port area
--------------------------------------

-------------------------------------------------------------------------------
TST aware field source monitor processing forced by environment variable: false
No TST aware field source monitors to be processed
-------------------------------------------------------------------------------

=================================
Finished matrix computation (PBA)
=================================

<<<<<<<<<<<<<<<<<<<<<<<<<<<<<<<<<<<<<<<<<<<<<<<<<<<<<
Mon Mon May  4 22:28:11 2026
Resource usage for calculating matrix coefficients:
	Runtime                          00:00:02.00991 s
	Peak Memory Usage:                       142 MB
<<<<<<<<<<<<<<<<<<<<<<<<<<<<<<<<<<<<<<<<<<<<<<<<<<<<<

--------------------------------
# of staircase filled cells: 0
# of staircase filled areas: 0
# of staircase filled edges: 0
# of faces above fill limit: 0
# of edges with FPBA topology: 0
--------------------------------

Frontend-Node:  =======================================================================
                FPBA has been activated in order to calculate connectivity information.
                =======================================================================

>>>>>>>>>>>>>>>>>>>>>>>>>>>>>>>>
Mon Mon May  4 22:28:12 2026
started: parallelization control
>>>>>>>>>>>>>>>>>>>>>>>>>>>>>>>>

=================================================================================
 - hardware info
   + cpu name                    : Intel(R) Core(TM) i7-10700K CPU @ 3.80GHz
   + sockets                     : 1
   + cores per socket            : 8
   + hyperthreading              : on
   + ht-units                    : 2
   + max cpuid level             : 22
   + max cpuid ext. level        : 8
   + numa nodes                  : 1
   + Numa Memory Info
     numa node     installed     available    (MByte)
       0                 0         37771
   + internal cpu info           : CPUID: selected engine is 'Leaf 0xB detection'
apic ids           : 0, 1, 2, 3, 4, 5, 6, 7, 8, 9, 10, 11, 12, 13, 14, 15
apic ids (fallback): 0, 1, 2, 3, 4, 5, 6, 7, 8, 9, 10, 11, 12, 13, 14, 15
from cpu registers: 0, 1, 2, 3, 4, 5, 6, 7, 8, 9, 10, 11, 12, 13, 14, 15
fallback: 0, 1, 2, 3, 4, 5, 6, 7, 8, 9, 10, 11, 12, 13, 14, 15
combined: 0, 1, 2, 3, 4, 5, 6, 7, 8, 9, 10, 11, 12, 13, 14, 15
max id per cpu: 16
SMT mask: 1
Core mask: e
Package mask: fffffff0
set results:
  - packages: 1
  - cores: 8
  - smts: 2
generate core map, new implementation
0, 1, 2, 3, 4, 5, 6, 7, 8, 9, 10, 11, 12, 13, 14, 15
packages: 1
cores   : 8
ht units: 2
 - pinning rule in use   : PINNING_RULE_MCALC_SKIP_ALL
 - desired group         : 0
 - num cores available   : 16
 - active core list from affinity: 
   + num accessible procs          : 16
   + num logical procs             : 16
   + current affinity (env)        : 0,1,2,3,4,5,6,7,8,9,10,11,12,13,14,15
   + sockets ids in                : 0
   + core list                  (1): 0,2,4,6,8,10,12,14
 - active cores          : 0,2,4,6,8,10,12,14
 - hyperthreading        : on
 - allowed core ids      : 0,2,4,6,8,10,12,14
 - allowed core ids (aff): 10101010 10101010 
 - used mask (string)    : 10101010 10101010 
=================================================================================

=========================================================================
Version: 2025.4 Release from 2025-04-11 (change 1409410) [Release]
Workflow: QQ-Facets
Operation: [acis, fpba, bg]
Architecture: Windows, ID: AMD64
System Windows-64bit
Using processor group 0/1
Matrix calculation information:
# of Nodes: 0
Concurrency: 0
Start ID: 0
Node ID: 0
HEX Mesh information:
Hex mesh: global: [hxr o(0 | 0 | 0) s(41 | 22 | 20) np (no TSTs): 18040] 
=========================================================================

>>>>>>>>>>>>>>>>>>>>>>>>>>>>>
Mon Mon May  4 22:28:12 2026
started: processing CAD model
>>>>>>>>>>>>>>>>>>>>>>>>>>>>>

========================================================================
Processing CAD model
	[Improved internal geometry representation]
	[Accuracy improvement for long shapes in inhomogeneous mesh regions]
Version: 2025.4 Release from 2025-04-11 (change 1409410)
PBA version: default, 2.20240218
Model compatibility: 2025.20250411
Sub-Workflow: Facets-QQ
Workflow updated: -
Mon Mon May  4 22:28:12 2026
========================================================================

----------------------------------------------
Used point accuracy enhancement value: 75.00%.
----------------------------------------------

=============================================================================
Mesh statistics:
-----------------------------------------------------------------------------
Minimum edge length (x): 0.0145 @ mesh line 14 (x)
Maximum edge length (x): 0.123 @ mesh line 33 (x)
Minimum face area (x): 0.00284 @ mesh lines 1 | 3 (y | z)
Maximum face area (x): 0.106 @ mesh lines 7 | 15 (y | z)
Minimum edge length (y): 0.198 @ mesh line 1 (y)
Maximum edge length (y): 1 @ mesh line 7 (y)
Minimum face area (y): 0.000209 @ mesh lines 3 | 14 (z | x)
Maximum face area (y): 0.013 @ mesh lines 15 | 33 (z | x)
Minimum edge length (z): 0.0144 @ mesh line 3 (z)
Maximum edge length (z): 0.106 @ mesh line 15 (z)
Minimum face area (z): 0.00286 @ mesh lines 14 | 1 (x | y)
Maximum face area (z): 0.123 @ mesh lines 33 | 7 (x | y)
Maximum mesh face aspect ratio (x): 69.4 : 1.0  @ mesh lines 7 | 3 (y | z)
Maximum mesh face aspect ratio (y): 8.54 : 1.0  @ mesh lines 3 | 33 (z | x)
Maximum mesh face aspect ratio (z): 69 : 1.0  @ mesh lines 14 | 7 (x | y)
=============================================================================

==============================================================================
Available resources to store TST cells: 2147465607 (11903911.35% of mesh size)
==============================================================================

========================================================================
The maximum supported number of mesh cells without MPI is: 2,147,483,647
========================================================================

------------------------------------------------------------------------------------------------
Geometry processing log
	PEC background is represented by CAD geometry: false
	Background shape: added
	Multithread portion: 100.00
	Number of CAD shapes: 3
	Number of lumps: 0
------------------------------------------------------------------------------------------------
=========================================
== CST Matrix Calculation Priority Log ==
=========================================
Priorities are sorted in ascending order beginning with the lowest priority
 
Group | Shape-ID | ShapeName | Material | User-priority | 2D/3D-Geometry | Material-attributes | Shape-attributes | Feature-ID | Schemetype
1 | 4 | </cst/Boundaries/> Low^X | Copper (annealed) | n/a | no | pec.rho.surface-impedance. | boundary. | n/a | FIT_TD
1 | 5 | </cst/Boundaries/> Low^Y | Copper (annealed) | n/a | no | pec.rho.surface-impedance. | boundary. | n/a | FIT_TD
1 | 6 | </cst/Boundaries/> Low^Z | Copper (annealed) | n/a | no | pec.rho.surface-impedance. | boundary. | n/a | FIT_TD
1 | 7 | </cst/Boundaries/> Up^X | Copper (annealed) | n/a | no | pec.rho.surface-impedance. | boundary. | n/a | FIT_TD
1 | 8 | </cst/Boundaries/> Up^Y | Copper (annealed) | n/a | no | pec.rho.surface-impedance. | boundary. | n/a | FIT_TD
1 | 9 | </cst/Boundaries/> Up^Z | Copper (annealed) | n/a | no | pec.rho.surface-impedance. | boundary. | n/a | FIT_TD
2 | 1 | component1:dielectric | FR-4 (lossy) | n/a | yes | dispersive-mue.normal. | solid. | n/a | FIT_TD
3 | 2 | component1:return_plane | Copper (annealed) | n/a | yes | pec.rho.surface-impedance. | solid. | n/a | FIT_TD
3 | 3 | component1:trace | Copper (annealed) | n/a | yes | pec.rho.surface-impedance. | solid. | n/a | FIT_TD
=========================================
************************************************************************************************
General settings
	PBA version: default, 2.20240218, potentials: not required
	Model compatibility: 2025.20250411
	Software version: 2025.4 Release from 2025-04-11 (change 1409410)
	TST specials: -
------------------------------------------------------------------------------------------------
Geometry processor: default
	Geo accuracy: 75.000000
	Watertightness check: true
	Self intersection check: false
	Inheritance (all): false
	Normal dominance (all): false
	Normal dominance (ports): false
	Flanges hollow: true
	One shape per flange: false
	Multi threading: true
		max # of threads used: 16
		requested max # of threads: 16
		representation: indexed
		method: multi thread
		retry: no
------------------------------------------------------------------------------------------------
CAD processing settings are set to default
------------------------------------------------------------------------------------------------
Connectivity settings
	Workflow selection: 0
	Workflow version: 20190101
	Gap detection: true
	Gap detection version: 2
	TST version: default, 2.20240218, potentials: not required
	QQ workflow: true
	CoCo workflow: true
	Legacy topology: false
	Connectivity check: true
------------------------------------------------------------------------------------------------
------------------------------------------------------------------------------------------------
CAD Processing Version Info
	ACIS version installed:	34.0.1
	ACIS version used:	34.0.1
------------------------------------------------------------------------------------------------
Success method:	multi-thread-22
************************************************************************************************

-------------------------------------------------------------------------------
TST aware field source monitor processing forced by environment variable: false
No TST aware field source monitors to be processed
-------------------------------------------------------------------------------

=======================
Finished CAD processing
=======================

<<<<<<<<<<<<<<<<<<<<<<<<<<<<<<<<<<<<<<<<<<<<
Mon Mon May  4 22:28:13 2026
Resource usage for processing CAD model:
	Runtime                 00:00:00.00694 s
	Peak Memory Usage:               18 MB
<<<<<<<<<<<<<<<<<<<<<<<<<<<<<<<<<<<<<<<<<<<<

------------------------------------------------------------
Parallelization Info
------------------------------------------------------------
Hyperthreading active: true
Hyperthreading used: false
Number of concurrent threads: 1
Number of concurrent threads using GPU: 0
Number of node domains: 1
Domains-to-threads scaling: 2
Average FI domain size: 2e+03
Nice mode: true
Delayed matrix calculation start: false
Load balancing: Version 20090403
Number of mesh fill domains: 8
Memory downscale: 1
Shared memory representation: read/write
CPU load: 12.50%
Emptiness: 0.00%
Hex mesh complexity: 0.01596
Geometric complexity: 0.00074
lower size limit of domain (1D): 60
------------------------------------------------------------
Node order
0
------------------------------------------------------------

--------------------------------------------------------------------
Matrix calculation job submit section 0
Currently running jobs: 0
Waiting jobs: 1
Concurrency for section: 1/1
Memory physically installed: 68.6338 GB
Memory currently available: 39.6334 GB
Memory already used: 29.0004 GB
Memory reserved: 0 GB - Scale: 0.6
Matrix calculation @ 1xN-Node 0000
	Mesh coverage: 1596000.00 %
	Estimated peak memory usage per node: 101 MB , tightness: 0.25 %
	GPU acceleration: off
	Processor group: 0
Node distribution on 1 processor group: 1
--------------------------------------------------------------------

===========================================
Data rearrangement statistics:
Disk IO directories:	00:00:00.0000
Disk IO node domain files:	00:00:00.0003
Disk IO FI domain files:	00:00:00.0000
Disk IO meta information:	00:00:00.0000
Sequential merge (TST):	00:00:00.0012
===========================================

1xN000:  ==========================================================
         [Boundaries] - MCalc
         electric, electric, electric, electric, electric, electric
         ==========================================================

1xN000:  ========================================
         [Mesh] Matrix calculation - NO ACIS mode
         [Mesh] 1xN MPI or parallelization mode
         ========================================

1xN000:  =============================
         [Mesh] Expansion: 0 0 0 0 0 0
         =============================

1xN000:  =================================================================================
          - hardware info
            + cpu name                    : Intel(R) Core(TM) i7-10700K CPU @ 3.80GHz
            + sockets                     : 1
            + cores per socket            : 8
            + hyperthreading              : on
            + ht-units                    : 2
            + max cpuid level             : 22
            + max cpuid ext. level        : 8
            + numa nodes                  : 1
            + Numa Memory Info
              numa node     installed     available    (MByte)
                0                 0         37796
            + internal cpu info           : CPUID: selected engine is 'Leaf 0xB detection'
         apic ids           : 0, 1, 2, 3, 4, 5, 6, 7, 8, 9, 10, 11, 12, 13, 14, 15
         apic ids (fallback): 0, 1, 2, 3, 4, 5, 6, 7, 8, 9, 10, 11, 12, 13, 14, 15
         from cpu registers: 0, 1, 2, 3, 4, 5, 6, 7, 8, 9, 10, 11, 12, 13, 14, 15
         fallback: 0, 1, 2, 3, 4, 5, 6, 7, 8, 9, 10, 11, 12, 13, 14, 15
         combined: 0, 1, 2, 3, 4, 5, 6, 7, 8, 9, 10, 11, 12, 13, 14, 15
         max id per cpu: 16
         SMT mask: 1
         Core mask: e
         Package mask: fffffff0
         set results:
           - packages: 1
           - cores: 8
           - smts: 2
         generate core map, new implementation
         0, 1, 2, 3, 4, 5, 6, 7, 8, 9, 10, 11, 12, 13, 14, 15
         packages: 1
         cores   : 8
         ht units: 2
          - pinning rule in use   : PINNING_RULE_MCALC_SKIP_ALL
          - desired group         : 0
          - num cores available   : 16
          - active core list from affinity:
            + num accessible procs          : 16
            + num logical procs             : 16
            + current affinity (env)        : 0,1,2,3,4,5,6,7,8,9,10,11,12,13,14,15
            + sockets ids in                : 0
            + core list                  (1): 0,1,2,3,4,5,6,7,8,9,10,11,12,13,14,15
          - active cores          : 0,1,2,3,4,5,6,7,8,9,10,11,12,13,14,15
          - hyperthreading        : on
          - skip pinning: + allowed number of sockets = available number of sockets
                          + hyperthreading allowed by solver
         =================================================================================

1xN000:  ===================================================================================================
         Version: 2025.4 Release from 2025-04-11 (change 1409410) [Release]
         Workflow: PBA matrix coefficients
         Operation: [fpba, meshfill, bg, port-path, tst, tst-nextgen, coeff, surface-imp, connectivity-tree]
         Architecture: Windows, ID: AMD64
         System Windows-64bit
         Using processor group 0/1
         Matrix calculation information:
         # of Nodes: 1
         Concurrency: 1
         Start ID: 0
         Node ID: 0
         HEX Mesh information:
         Hex mesh: global: [hxr o(0 | 0 | 0) s(41 | 22 | 20) np (no TSTs): 18040]
         ===================================================================================================

1xN000:  -----------------------------------------------------
         Memory status on node "1xN000" for matrix calculation
         	Estimated memory consumption: 0.100607 GB
         	Physical memory installed: 68.6338 GB
         	Available physical memory: 39.5893 GB
         	Available relative memory: 57.6819 %
         -----------------------------------------------------

1xN000:  >>>>>>>>>>>>>>>>>>>>>>>>>>>>>>>>>>>>>>>>>>>>>>>>>
         Mon Mon May  4 22:28:13 2026
         started: calculating matrix coefficients per node
         >>>>>>>>>>>>>>>>>>>>>>>>>>>>>>>>>>>>>>>>>>>>>>>>>

1xN000:  ============================================================
         Matrix computation (PBA)
         	[Perfect Boundary Approximation (PBA), version: default]
         	[GPU acceleration: off (by user)]
         Version: 2025.4 Release from 2025-04-11 (change 1409410)
         PBA version: default, 2.20240218
         Model compatibility: 2025.20250411
         Sub-Workflow: FARM-1xN-TST2-Node
         Workflow updated: -
         Mon Mon May  4 22:28:13 2026
         ============================================================

1xN000:  ----------------------------------------------
         Used point accuracy enhancement value: 75.00%.
         ----------------------------------------------

1xN000:  -------------------------------------------------
         Geometry representation: shared-attached
         Shared memory: read-only
         FARM allocation scheme: PA
         Parallelization: on, used

1xN000:  Gap-Detection activated for FARM-topology. Gaps are resolved, even partially.: gap tolerance value is 0.001000 and mesh geometry scale is 0.001000
1xN000:
1xN000:



1xN000:  ----------------------
         Acceleration mode: CPU
         ----------------------

1xN000:  Port homogenization method: M2H point index deviation
1xN000:  cccccccccccccccccccccccccccccccccccccccccccccccccccccccccccccccccccc
         FARM/Meshfill cache is set to 8 (local FI domains: 8, dynamic: true)
         cccccccccccccccccccccccccccccccccccccccccccccccccccccccccccccccccccc

1xN000:  =============================================================
         Hex cell analyzer settings:
         	max number of E fields per mesh edge: 2
         	max number of H fields per mesh face: 4
         	supporting dual grid: false
         	performance improvement: ROI limit: true
         	performance improvement: ROI threshold: 2
         	performance improvement: single topology extraction: true
         	performance improvement: pre-categorize cell volume: true
         	periodic align: 0
         	periodic cells: true
         	homogenization version: pid
         =============================================================

1xN000:  ===============
         TST specials: -
         ===============

1xN000:  ===============================================================================================================================================
         TST cell analysis in range (0 | 0 | 0) -> (41 | 22 | 20) [total range (0 | 0 | 0) -> (41 | 22 | 20)]  [mpi range (0 | 0 | 0) -> (41 | 22 | 20)]
         ===============================================================================================================================================

1xN000:  -------------------
         TST Statistics:
         E Split (0 | 0 | 0)
         E Adapt (0 | 0 | 0)
         B Split (0 | 0 | 0)
         B Adapt (0 | 0 | 0)
         -------------------

1xN000:  -------------------------------------------------------------
         TST Version 2.20240218, tst tiny faces fix: on, TST1 BWC: off
         -------------------------------------------------------------

1xN000:  ssssssssssssssssssssssssssssssssssssssssss
         # of curls with SI accuracy enhancement: 0
         ssssssssssssssssssssssssssssssssssssssssss

1xN000:  ------------------------------------------------------------------------------
         PBA fill limit is applied in inverse mode.
         PBA fill limit is applied on faces filled with at least 99.00% metal material.
         --------------------------------------------------------------
         detailed accuracy settings:
         --------------------------------------------------------------
         augmented fill limit:       true
         augmented fill limit value: 99.00
         automatic fill limit:       true
         early fill limit:           true
         inverse fill limit:         true
         model complexity:           0.00
         legacy 2015:                false
         fixed point accuracy:       false
         minimum point accuracy:     0
         mesh step inheritance:      false
         accuracy mode:
         ------------------------------------------------------------------------------

1xN000:  --------------------------------------
         Glued 0 metal grid points in port area
         --------------------------------------

1xN000:  --------------------------------------
         Glued 0 metal grid points in port area
         --------------------------------------

1xN000:  -------------------------------------------------------------------------------
         TST aware field source monitor processing forced by environment variable: false
         No TST aware field source monitors to be processed
         -------------------------------------------------------------------------------

1xN000:  =================================
         Finished matrix computation (PBA)
         =================================

1xN000:  <<<<<<<<<<<<<<<<<<<<<<<<<<<<<<<<<<<<<<<<<<<<<<<<<<<<<<<<<<<<
         Mon Mon May  4 22:28:16 2026
         Resource usage for calculating matrix coefficients per node:
         	Runtime                          00:00:02.00543 s
         	Peak Memory Estimation:                  101 MB
         	Peak Memory Usage:                       106 MB
         <<<<<<<<<<<<<<<<<<<<<<<<<<<<<<<<<<<<<<<<<<<<<<<<<<<<<<<<<<<<



<<<<<<<<<<<<<<<<<<<<<<<<<<<<<<<<<<<<<<<<<<<<<<<<<
Mon Mon May  4 22:28:17 2026
Resource usage for parallelization control:
	Runtime                      00:00:04.00327 s
<<<<<<<<<<<<<<<<<<<<<<<<<<<<<<<<<<<<<<<<<<<<<<<<<

------------------------------------------------------------------------------------------------------------------------------
PBAMeshFeedback - InfoMap: 0[ms] - SBCell navigation: Using legacy edges - CornerCorrectionLinesAndWires: 0[ms] - Write: 0[ms]
ConnectivityAXG - Load: 1[ms] - Setup: 0[ms] - Convert: 10[ms] ( Groups: 2 - Shapes: 3 - Threads: 8 ) - Write: 1[ms]
ConnectivityAXG - Load: 1[ms] - Setup: 0[ms] - Convert: 10[ms] ( Groups: 2 - Shapes: 3 - Threads: 8 ) - Write: 1[ms]
------------------------------------------------------------------------------------------------------------------------------

--------------------------------
# of staircase filled cells: 0
# of staircase filled areas: 0
# of staircase filled edges: 0
# of faces above fill limit: 0
# of edges with FPBA topology: 0
--------------------------------

